Archive member included because of file (symbol)

./libcsud.a(device.keyboard.c.o)
                              build/keyboard.o (KeyboardGetAddress)
./libcsud.a(platform.c.o)     ./libcsud.a(device.keyboard.c.o) (MemoryAllocate)
./libcsud.a(usbd.c.o)         build/main.o (UsbInitialise)
./libcsud.a(device.hid.c.o)   ./libcsud.a(device.keyboard.c.o) (HidReadDevice)
./libcsud.a(device.hub.c.o)   ./libcsud.a(usbd.c.o) (HubPortReset)
./libcsud.a(hcd.designware20.c.o)
                              ./libcsud.a(usbd.c.o) (HcdSumbitControlMessage)
./libcsud.a(hcd.designware20.roothub.c.o)
                              ./libcsud.a(hcd.designware20.c.o) (HcdProcessRootHubMessage)
./libcsud.a(platform.armv6.c.o)
                              ./libcsud.a(hcd.designware20.c.o) (__aeabi_uidiv)
./libcsud.a(platform.broadcom2835.c.o)
                              ./libcsud.a(usbd.c.o) (MicroDelay)

Allocating common symbols
Common symbol       size              file

CorePhysical        0x4               ./libcsud.a(hcd.designware20.c.o)
DeviceNumbers       0x4               ./libcsud.a(usbd.c.o)
HostPhysical        0x4               ./libcsud.a(hcd.designware20.c.o)
keyboards           0x10              ./libcsud.a(device.keyboard.c.o)
PowerPhysical       0x4               ./libcsud.a(hcd.designware20.c.o)
Heap                0x4000            ./libcsud.a(platform.c.o)
Allocations         0xc00             ./libcsud.a(platform.c.o)

Discarded input sections

 .bss           0x0000000000000000        0x0 build/mailbox.o
 .ARM.attributes
                0x0000000000000000       0x16 build/mailbox.o
 .bss           0x0000000000000000        0x0 build/frameBuffer.o
 .ARM.attributes
                0x0000000000000000       0x16 build/frameBuffer.o
 .bss           0x0000000000000000        0x0 build/text.o
 .ARM.attributes
                0x0000000000000000       0x16 build/text.o
 .bss           0x0000000000000000        0x0 build/systemTimer.o
 .ARM.attributes
                0x0000000000000000       0x16 build/systemTimer.o
 .bss           0x0000000000000000        0x0 build/drawing.o
 .ARM.attributes
                0x0000000000000000       0x16 build/drawing.o
 .bss           0x0000000000000000        0x0 build/gpio.o
 .ARM.attributes
                0x0000000000000000       0x16 build/gpio.o
 .bss           0x0000000000000000        0x0 build/main.o
 .ARM.attributes
                0x0000000000000000       0x16 build/main.o
 .bss           0x0000000000000000        0x0 build/keyboard.o
 .ARM.attributes
                0x0000000000000000       0x16 build/keyboard.o
 .bss           0x0000000000000000        0x0 build/random.o
 .ARM.attributes
                0x0000000000000000       0x16 build/random.o
 .bss           0x0000000000000000        0x0 build/maths.o
 .ARM.attributes
                0x0000000000000000       0x16 build/maths.o
 .bss           0x0000000000000000        0x0 build/tags.o
 .ARM.attributes
                0x0000000000000000       0x16 build/tags.o

Memory Configuration

Name             Origin             Length             Attributes
*default*        0x0000000000000000 0xffffffffffffffff

Linker script and memory map

LOAD build/mailbox.o
LOAD build/frameBuffer.o
LOAD build/text.o
LOAD build/systemTimer.o
LOAD build/drawing.o
LOAD build/gpio.o
LOAD build/main.o
LOAD build/keyboard.o
LOAD build/random.o
LOAD build/maths.o
LOAD build/tags.o
LOAD ./libcsud.a

.init           0x0000000000008000        0x4
 *(.init)
 .init          0x0000000000008000        0x4 build/main.o
                0x0000000000008000                _start

.data           0x0000000000009000     0xd892
 *(.data)
 .data          0x0000000000009000        0x0 build/mailbox.o
 .data          0x0000000000009000     0x1000 build/frameBuffer.o
                0x0000000000009000                FrameBufferInfo
 .data          0x000000000000a000        0x0 build/text.o
 .data          0x000000000000a000        0x0 build/systemTimer.o
 .data          0x000000000000a000      0x810 build/drawing.o
 .data          0x000000000000a810        0x0 build/gpio.o
 .data          0x000000000000a810        0x0 build/main.o
 .data          0x000000000000a810       0xe0 build/keyboard.o
 .data          0x000000000000a8f0        0x0 build/random.o
 .data          0x000000000000a8f0        0x0 build/maths.o
 .data          0x000000000000a8f0       0x24 build/tags.o
 .data          0x000000000000a914        0x0 ./libcsud.a(device.keyboard.c.o)
 .data          0x000000000000a914        0x4 ./libcsud.a(platform.c.o)
                0x000000000000a914                FirstAllocation
 .data          0x000000000000a918        0x0 ./libcsud.a(usbd.c.o)
 .data          0x000000000000a918        0x0 ./libcsud.a(device.hid.c.o)
 .data          0x000000000000a918        0x0 ./libcsud.a(device.hub.c.o)
 .data          0x000000000000a918        0x0 ./libcsud.a(hcd.designware20.c.o)
 .data          0x000000000000a918       0x64 ./libcsud.a(hcd.designware20.roothub.c.o)
                0x000000000000a918                DeviceDescriptor
                0x000000000000a92c                ConfigurationDescriptor
                0x000000000000a948                String0
                0x000000000000a94c                String1
                0x000000000000a970                HubDescriptor
 .data          0x000000000000a97c        0x0 ./libcsud.a(platform.armv6.c.o)
 .data          0x000000000000a97c        0x0 ./libcsud.a(platform.broadcom2835.c.o)
 *.c.o(*)
 .text          0x000000000000a97c     0x1000 ./libcsud.a(device.keyboard.c.o)
                0x000000000000a97c                KeyboardDetached
                0x000000000000a9f8                KeyboardDeallocate
                0x000000000000aa70                KeyboardIndex
                0x000000000000aac8                KeyboardGetAddress
                0x000000000000ab10                KeyboardScan
                0x000000000000b1dc                KeyboardCount
                0x000000000000b1ec                KeyboardSetLeds
                0x000000000000b408                KeyboardGetLedSupport
                0x000000000000b454                KeyboardPoll
                0x000000000000b798                KeyboardGetModifiers
                0x000000000000b7e4                KeyboardGetKeyDownCount
                0x000000000000b848                KeyboadGetKeyIsDown
                0x000000000000b900                KeyboardGetKeyDown
 .bss           0x000000000000b97c       0x14 ./libcsud.a(device.keyboard.c.o)
                0x000000000000b97c                keyboardAddresses
                0x000000000000b98c                keyboardCount
 .comment       0x000000000000b990       0x11 ./libcsud.a(device.keyboard.c.o)
                                         0x12 (size before relaxing)
 .ARM.attributes
                0x000000000000b9a1       0x32 ./libcsud.a(device.keyboard.c.o)
 *fill*         0x000000000000b9d3        0x1 00
 COMMON         0x000000000000b9d4       0x10 ./libcsud.a(device.keyboard.c.o)
                0x000000000000b9d4                keyboards
 .text          0x000000000000b9e4      0x5c0 ./libcsud.a(platform.c.o)
                0x000000000000b9e4                MemoryReserve
                0x000000000000b9ec                MemoryAllocate
                0x000000000000be3c                MemoryDeallocate
                0x000000000000bf54                MemoryCopy
 .bss           0x000000000000bfa4        0x8 ./libcsud.a(platform.c.o)
                0x000000000000bfa4                FirstFreeAllocation
                0x000000000000bfa8                allocated
 .comment       0x0000000000000000       0x12 ./libcsud.a(platform.c.o)
 .ARM.attributes
                0x000000000000bfac       0x32 ./libcsud.a(platform.c.o)
 *fill*         0x000000000000bfde        0x2 00
 COMMON         0x000000000000bfe0     0x4c00 ./libcsud.a(platform.c.o)
                0x000000000000bfe0                Heap
                0x000000000000ffe0                Allocations
 .text          0x0000000000010be0     0x10e8 ./libcsud.a(usbd.c.o)
                0x0000000000010be0                UsbGetRootHub
                0x0000000000010bf0                UsbPrintDeviceTree
                0x0000000000010cbc                UsbControlMessage
                0x0000000000010db4                UsbGetDescriptor
                0x0000000000010ea0                UsbGetString
                0x0000000000010f0c                UsbReadStringLang
                0x0000000000010f90                UsbReadString
                0x0000000000011090                UsbReadDeviceDescriptor
                0x00000000000111d0                UsbSetAddress
                0x00000000000112b0                UsbSetConfiguration
                0x0000000000011384                UsbConfigure
                0x0000000000011554                UsbGetDescription
                0x0000000000011804                UsbScanDevice
                0x0000000000011a2c                UsbAllocateDevice
                0x0000000000011ae8                UsbDeallocateDevice
                0x0000000000011c00                UsbScanRootHub
                0x0000000000011c50                UsbInitialise
                0x0000000000011cac                UsbCheckForChange
 .bss           0x0000000000011cc8        0x4 ./libcsud.a(usbd.c.o)
                0x0000000000011cc8                RootHub
 .rodata        0x0000000000011ccc      0x248 ./libcsud.a(usbd.c.o)
 .rodata.str1.4
                0x0000000000011f14       0x10 ./libcsud.a(usbd.c.o)
 .comment       0x0000000000000000       0x12 ./libcsud.a(usbd.c.o)
 .ARM.attributes
                0x0000000000011f24       0x32 ./libcsud.a(usbd.c.o)
 *fill*         0x0000000000011f56        0x2 00
 COMMON         0x0000000000011f58        0x4 ./libcsud.a(usbd.c.o)
                0x0000000000011f58                DeviceNumbers
 .text          0x0000000000011f5c     0x1b24 ./libcsud.a(device.hid.c.o)
                0x0000000000011f5c                HidEnumerateActionCountField
                0x0000000000012084                HidDetached
                0x00000000000120c0                HidEnumerateActionAddField
                0x00000000000128c8                HidDeallocate
                0x0000000000012a1c                HidEnumerateActionCountReport
                0x0000000000012ad4                HidGetReport
                0x0000000000012b90                HidSetReport
                0x0000000000012c40                BitSet
                0x0000000000012d6c                BitGetUnsigned
                0x0000000000012e74                BitGetSigned
                0x0000000000012ea0                HidReadDevice
                0x000000000001309c                HidWriteDevice
                0x0000000000013248                HidSetProtocol
                0x00000000000132f8                HidEnumerateReport
                0x0000000000013450                HidParseReportDescriptor
                0x0000000000013780                HidScan
                0x0000000000013a70                HidGetFieldValue
 .bss           0x0000000000013a80        0x0 ./libcsud.a(device.hid.c.o)
 .comment       0x0000000000000000       0x12 ./libcsud.a(device.hid.c.o)
 .ARM.attributes
                0x0000000000013a80       0x32 ./libcsud.a(device.hid.c.o)
 *fill*         0x0000000000013ab2        0x2 00
 .text          0x0000000000013ab4      0xd34 ./libcsud.a(device.hub.c.o)
                0x0000000000013ab4                HubDetached
                0x0000000000013b54                HubDeallocate
                0x0000000000013c30                HubReadDescriptor
                0x0000000000013d28                HubGetStatus
                0x0000000000013e00                HubPortGetStatus
                0x0000000000013ee0                HubChangeFeature
                0x0000000000013f94                HubChangePortFeature
                0x0000000000014050                HubPowerOn
                0x00000000000140f8                HubPortReset
                0x00000000000141cc                HubPortConnectionChanged
                0x00000000000143d4                HubCheckConnection
                0x0000000000014508                HubRecursiveCheck
                0x00000000000145d0                HubScan
 .bss           0x00000000000147e8        0x0 ./libcsud.a(device.hub.c.o)
 .comment       0x0000000000000000       0x12 ./libcsud.a(device.hub.c.o)
 .ARM.attributes
                0x00000000000147e8       0x32 ./libcsud.a(device.hub.c.o)
 *fill*         0x000000000001481a        0x2 00
 .text          0x000000000001481c     0x160c ./libcsud.a(hcd.designware20.c.o)
                0x000000000001481c                WriteThroughRegMask
                0x00000000000148b0                WriteThroughReg
                0x00000000000148b8                ReadBackReg
                0x000000000001495c                ClearReg
                0x00000000000149c4                SetReg
                0x0000000000014a60                HcdReset
                0x0000000000014b10                HcdTransmitFifoFlush
                0x0000000000014ba4                HcdReceiveFifoFlush
                0x0000000000014c1c                HcdPrepareChannel
                0x0000000000014f34                HcdTransmitChannel
                0x0000000000014fe0                HcdChannelInterruptToError
                0x00000000000150bc                HcdChannelSendWaitOne
                0x0000000000015378                HcdChannelSendWait
                0x0000000000015490                HcdSumbitControlMessage
                0x00000000000156d8                HcdInitialise
                0x000000000001586c                HcdStart
                0x0000000000015dc8                HcdStop
                0x0000000000015dec                HcdDeinitialise
 .bss           0x0000000000015e28       0x14 ./libcsud.a(hcd.designware20.c.o)
                0x0000000000015e28                Core
                0x0000000000015e2c                Host
                0x0000000000015e30                Power
                0x0000000000015e34                databuffer
                0x0000000000015e38                PhyInitialised
 .comment       0x0000000000000000       0x12 ./libcsud.a(hcd.designware20.c.o)
 .ARM.attributes
                0x0000000000015e3c       0x32 ./libcsud.a(hcd.designware20.c.o)
 *fill*         0x0000000000015e6e        0x2 00
 COMMON         0x0000000000015e70        0xc ./libcsud.a(hcd.designware20.c.o)
                0x0000000000015e70                CorePhysical
                0x0000000000015e74                HostPhysical
                0x0000000000015e78                PowerPhysical
 .text          0x0000000000015e7c      0x6f0 ./libcsud.a(hcd.designware20.roothub.c.o)
                0x0000000000015e7c                HcdProcessRootHubMessage
 .bss           0x000000000001656c        0x4 ./libcsud.a(hcd.designware20.roothub.c.o)
                0x000000000001656c                RootHubDeviceNumber
 .comment       0x0000000000000000       0x12 ./libcsud.a(hcd.designware20.roothub.c.o)
 .ARM.attributes
                0x0000000000016570       0x32 ./libcsud.a(hcd.designware20.roothub.c.o)
 *fill*         0x00000000000165a2        0x2 00
 .text          0x00000000000165a4      0x16c ./libcsud.a(platform.armv6.c.o)
                0x00000000000165a4                __aeabi_uidivmod
                0x00000000000166d8                __aeabi_uidiv
 .bss           0x0000000000016710        0x0 ./libcsud.a(platform.armv6.c.o)
 .comment       0x0000000000000000       0x12 ./libcsud.a(platform.armv6.c.o)
 .ARM.attributes
                0x0000000000016710       0x32 ./libcsud.a(platform.armv6.c.o)
 *fill*         0x0000000000016742        0x2 00
 .text          0x0000000000016744      0x11c ./libcsud.a(platform.broadcom2835.c.o)
                0x0000000000016744                MicroDelay
                0x00000000000167b4                PowerOnUsb
 .bss           0x0000000000016860        0x0 ./libcsud.a(platform.broadcom2835.c.o)
 .comment       0x0000000000000000       0x12 ./libcsud.a(platform.broadcom2835.c.o)
 .ARM.attributes
                0x0000000000016860       0x32 ./libcsud.a(platform.broadcom2835.c.o)

.text           0x0000000000016894      0x7f8
 *.c.o(.text)
 *(.text)
 .text          0x0000000000016894       0x6c build/mailbox.o
                0x0000000000016894                GetMailboxBase
                0x000000000001689c                MailboxRead
                0x00000000000168d0                MailboxWrite
 .text          0x0000000000016900       0x60 build/frameBuffer.o
                0x0000000000016900                InitialiseFrameBuffer
 .text          0x0000000000016960      0x1e4 build/text.o
                0x0000000000016960                ReverseString
                0x000000000001698c                UnsignedString
                0x00000000000169dc                SignedString
                0x0000000000016a08                FormatString
 .text          0x0000000000016b44       0x40 build/systemTimer.o
                0x0000000000016b44                GetSystemTimerBase
                0x0000000000016b4c                GetTimeStamp
                0x0000000000016b5c                Wait
 .text          0x0000000000016b84      0x1d4 build/drawing.o
                0x0000000000016b84                SetForeColour
                0x0000000000016b9c                SetGraphicsAddress
                0x0000000000016ba8                DrawPixel
                0x0000000000016bf0                DrawLine
                0x0000000000016c6c                DrawCharacter
                0x0000000000016cd8                DrawString
 .text          0x0000000000016d58       0x98 build/gpio.o
                0x0000000000016d58                GetGpioAddress
                0x0000000000016d60                SetGpioFunction
                0x0000000000016db0                SetGpio
 .text          0x0000000000016df0       0x84 build/main.o
 .text          0x0000000000016e74      0x144 build/keyboard.o
                0x0000000000016e74                KeyboardUpdate
                0x0000000000016ef8                KeyWasDown
                0x0000000000016f28                KeyboardGetChar
 .text          0x0000000000016fb8       0x18 build/random.o
                0x0000000000016fb8                Random
 .text          0x0000000000016fd0       0x48 build/maths.o
                0x0000000000016fd0                DivideU32
 .text          0x0000000000017018       0x74 build/tags.o
                0x0000000000017018                FindTag

/DISCARD/
 *(*)
OUTPUT(build/output.elf elf32-littlearm)
